---
source: gengo-bin/tests/test_cli.rs
expression: stdout
---
[38;2;0;0;0;48;2;240;220;78m 31.11% 28      JavaScript[0m
[38;2;255;255;255;48;2;47;116;192m 68.89% 62      TypeScript[0m

[38;2;0;0;0;48;2;240;220;78mJavaScript[0m
  [38;2;0;0;0;48;2;240;220;78mbin.js[0m

[38;2;255;255;255;48;2;47;116;192mTypeScript[0m
  [38;2;255;255;255;48;2;47;116;192msrc/bin.ts[0m


