---
source: gengo-bin/tests/test_cli.rs
expression: stdout
---
 40.79% 62      Plain Text
 40.79% 62      TypeScript
 18.42% 28      JavaScript

JavaScript
  bin.js

Plain Text
  dist/bin.js

TypeScript
  src/bin.ts


